C:/Users/jjins/Documents/Project/SpeedyBeeF405V3/src/main/common/utils.h:101:23:cmp32	16	static
../src/main/flight/failsafe.c:62:6:failsafeConfig_Init	4	static
../src/main/flight/failsafe.c:85:6:failsafeReset	4	static
../src/main/flight/failsafe.c:107:6:failsafeInit	4	static
../src/main/flight/failsafe.c:115:17:failsafePhase	4	static
../src/main/flight/failsafe.c:120:6:failsafeIsMonitoring	4	static
../src/main/flight/failsafe.c:125:6:failsafeIsActive	4	static
../src/main/flight/failsafe.c:130:6:failsafeStartMonitoring	4	static
../src/main/flight/failsafe.c:135:13:failsafeShouldHaveCausedLandingByNow	8	static
../src/main/flight/failsafe.c:140:6:failsafeIsReceivingRxData	4	static
../src/main/flight/failsafe.c:145:6:failsafeOnRxSuspend	16	static
../src/main/flight/failsafe.c:150:6:failsafeOnRxResume	8	static
../src/main/flight/failsafe.c:156:6:failsafeOnValidDataReceived	8	static
../src/main/flight/failsafe.c:182:6:failsafeOnValidDataFailed	8	static
../src/main/flight/failsafe.c:196:6:failsafeCheckDataFailurePeriod	8	static
../src/main/flight/failsafe.c:207:10:failsafeFailurePeriodMs	4	static
../src/main/flight/failsafe.c:212:6:failsafeUpdateState	16	static
