../src/main/flight/imu.c:92:6:imuConfig_Init	4	static
../src/main/flight/imu.c:99:13:imuQuaternionComputeProducts	16	static
../src/main/flight/imu.c:113:6:imuComputeRotationMatrix	8	static
../src/main/flight/imu.c:137:14:calculateAccZLowPassFilterRCTimeConstant	16	static
../src/main/flight/imu.c:142:14:calculateThrottleAngleScale	16	static
../src/main/flight/imu.c:147:6:imuConfigure	16	static
../src/main/flight/imu.c:160:6:imuInit	8	static
../src/main/flight/imu.c:172:14:invSqrt	16	static
../src/main/flight/imu.c:177:13:imuMahonyAHRSupdate	136	static
../src/main/flight/imu.c:303:6:imuUpdateEulerAngles	48	static
../src/main/flight/imu.c:324:13:imuIsAccelerometerHealthy	32	static
../src/main/flight/imu.c:344:14:imuCalcKpGain	32	static
../src/main/flight/imu.c:450:13:imuCalculateEstimatedAttitude	72	static
../src/main/flight/imu.c:526:12:calculateThrottleAngleCorrection	24	static
../src/main/flight/imu.c:542:6:imuUpdateAttitude	24	static
../src/main/flight/imu.c:563:6:shouldInitializeGPSHeading	4	static
../src/main/flight/imu.c:576:7:getCosTiltAngle	4	static
../src/main/flight/imu.c:581:6:getQuaternion	16	static
../src/main/flight/imu.c:631:6:imuQuaternionHeadfreeOffsetSet	16	static
../src/main/flight/imu.c:647:6:imuQuaternionMultiplication	56	static
../src/main/flight/imu.c:664:6:imuQuaternionHeadfreeTransformVectorEarthToBody	72	static
../src/main/flight/imu.c:680:6:isUpright	8	static
