../src/main/flight/mixer_init.c:49:6:mixerConfig_Init	4	static
../src/main/flight/mixer_init.c:255:9:getMotorCount	4	static
../src/main/flight/mixer_init.c:260:6:areMotorsRunning	16	static
../src/main/flight/mixer_init.c:287:6:initEscEndpoints	24	static
../src/main/flight/mixer_init.c:298:6:mixerInitProfile	4	static
../src/main/flight/mixer_init.c:348:13:mixerConfigureOutput	24	static
../src/main/flight/mixer_init.c:379:6:mixerLoadMix	24	static
../src/main/flight/mixer_init.c:408:6:mixerInit	16	static
../src/main/flight/mixer_init.c:430:6:mixerResetDisarmedMotors	16	static
../src/main/flight/mixer_init.c:438:13:getMixerMode	4	static
../src/main/flight/mixer_init.c:443:6:mixerModeIsFixedWing	16	static
../src/main/flight/mixer_init.c:459:6:isFixedWing	8	static
../src/main/flight/mixer_init.c:464:7:getMotorOutputLow	4	static
../src/main/flight/mixer_init.c:469:7:getMotorOutputHigh	4	static
