C:/Users/jjins/Documents/Project/SpeedyBeeF405V3/src/main/common/time.h:43:27:cmpTimeUs	16	static
C:/Users/jjins/Documents/Project/SpeedyBeeF405V3/src/main/common/maths.h:166:21:constrainf	24	static
../src/main/flight/pid.c:104:7:pidConfig_Init	4	static
../src/main/flight/pid.c:122:7:pidProfiles_Init	16	static
../src/main/flight/pid.c:251:7:pgResetFn_pidProfiles	24	static
../src/main/flight/pid.c:263:6:pidSetItermAccelerator	16	static
../src/main/flight/pid.c:268:6:pidOsdAntiGravityActive	4	static
../src/main/flight/pid.c:273:6:pidStabilisationState	16	static
../src/main/flight/pid.c:281:7:pidGetFeedforwardTransitionFactor	4	static
../src/main/flight/pid.c:286:7:pidGetFeedforwardSmoothFactor	4	static
../src/main/flight/pid.c:291:7:pidGetFeedforwardJitterFactor	4	static
../src/main/flight/pid.c:296:7:pidGetFeedforwardBoostFactor	4	static
../src/main/flight/pid.c:302:6:pidResetIterm	16	static
../src/main/flight/pid.c:312:6:pidUpdateTpaFactor	24	static
../src/main/flight/pid.c:326:6:pidUpdateAntiGravityThrottleFilter	24	static
../src/main/flight/pid.c:358:7:pidCompensateThrustLinearization	32	static
../src/main/flight/pid.c:368:7:pidApplyThrustLinearization	24	static
../src/main/flight/pid.c:382:14:getLevelModeRcDeflection	24	static
../src/main/flight/pid.c:394:7:calcHorizonLevelStrength	56	static
../src/main/flight/pid.c:452:7:pidLevel	48	static
../src/main/flight/pid.c:473:13:handleCrashRecovery	48	static
../src/main/flight/pid.c:515:13:detectAndSetCrashRecovery	32	static
../src/main/flight/pid.c:622:14:accelerationLimit	24	static
../src/main/flight/pid.c:635:13:rotateVector	32	static
../src/main/flight/pid.c:648:6:rotateItermAndAxisError	48	static
../src/main/flight/pid.c:679:7:applyRcSmoothingFeedforwardFilter	24	static
../src/main/flight/pid.c:697:13:applyAbsoluteControl	56	static
../src/main/flight/pid.c:736:13:applyItermRelax	56	static
../src/main/flight/pid.c:772:6:pidUpdateAirmodeLpf	24	static
../src/main/flight/pid.c:790:7:pidGetAirmodeThrottleOffset	4	static
../src/main/flight/pid.c:841:7:pidController	184	static
../src/main/flight/pid.c:1240:6:crashRecoveryModeActive	4	static
../src/main/flight/pid.c:1257:6:pidSetAntiGravityState	16	static
../src/main/flight/pid.c:1266:6:pidAntiGravityEnabled	4	static
../src/main/flight/pid.c:1272:6:dynLpfDTermUpdate	48	static
../src/main/flight/pid.c:1308:7:dynLpfCutoffFreq	32	static
../src/main/flight/pid.c:1315:6:pidSetItermReset	16	static
../src/main/flight/pid.c:1320:7:pidGetPreviousSetpoint	16	static
../src/main/flight/pid.c:1325:7:pidGetDT	4	static
../src/main/flight/pid.c:1330:7:pidGetPidFrequency	4	static
