C:/Users/jjins/Documents/Project/SpeedyBeeF405V3/src/main/common/time.h:43:27:cmpTimeUs	16	static
C:/Users/jjins/Documents/Project/SpeedyBeeF405V3/src/main/common/utils.h:101:23:cmp32	16	static
../src/main/osd/osd.c:200:5:osdPrintFloat	72	static
../src/main/osd/osd.c:235:6:osdStatSetState	16	static
../src/main/osd/osd.c:244:6:osdStatGetState	16	static
../src/main/osd/osd.c:249:6:osdWarnSetState	16	static
../src/main/osd/osd.c:258:6:osdWarnGetState	16	static
../src/main/osd/osd.c:293:6:osdAnalyzeActiveElements	8	static
../src/main/osd/osd.c:311:6:osdConfig_Init	24	static
../src/main/osd/osd.c:382:6:vcdProfile_Init	4	static
../src/main/osd/osd.c:389:6:osdElementConfig_Init	24	static
../src/main/osd/osd.c:411:13:osdDrawLogo	48	static
../src/main/osd/osd.c:423:13:osdCompleteInitialization	48	static
../src/main/osd/osd.c:464:6:osdInit	16	static
../src/main/osd/osd.c:478:13:osdResetStats	4	static
../src/main/osd/osd.c:517:17:getStatsVoltage	8	static
../src/main/osd/osd.c:522:13:osdUpdateStats	16	static
../src/main/osd/osd.c:646:13:osdDisplayStatisticLabel	32	static
../src/main/osd/osd.c:656:13:isSomeStatEnabled	4	static
../src/main/osd/osd.c:668:13:osdDisplayStat	88	static
../src/main/osd/osd.c:881:13:osdRenderStatsReset	4	static
../src/main/osd/osd.c:887:13:osdRenderStatsBegin	4	static
../src/main/osd/osd.c:895:13:osdRenderStatsContinue	48	static
../src/main/osd/osd.c:951:13:osdRefreshStats	16	static
../src/main/osd/osd.c:1004:20:osdShowArmed	24	static
../src/main/osd/osd.c:1028:13:osdProcessStats1	24	static
../src/main/osd/osd.c:1087:6:osdProcessStats2	16	static
../src/main/osd/osd.c:1115:6:osdProcessStats3	16	static
../src/main/osd/osd.c:1153:6:osdUpdateCheck	16	static
../src/main/osd/osd.c:1176:6:osdUpdate	40	static
../src/main/osd/osd.c:1462:6:osdSuppressStats	16	static
../src/main/osd/osd.c:1474:6:osdGetVisualBeeperState	4	static
../src/main/osd/osd.c:1479:6:osdSetVisualBeeperState	16	static
../src/main/osd/osd.c:1484:14:osdGetStats	4	static
../src/main/osd/osd.c:1492:13:osdStatsNeedAccelerometer	8	static
../src/main/osd/osd.c:1498:6:osdNeedsAccelerometer	8	static
../src/main/osd/osd.c:1504:16:osdGetDisplayPort	16	static
