C:/Users/jjins/Documents/Project/SpeedyBeeF405V3/src/main/common/maths.h:156:19:constrain	24	static
../src/main/osd/osd_elements.c:230:12:osdDisplayWrite	32	static
../src/main/osd/osd_elements.c:239:12:osdDisplayWriteChar	32	static
../src/main/osd/osd_elements.c:288:5:osdConvertTemperatureToSelectedUnit	16	static
../src/main/osd/osd_elements.c:299:13:osdFormatAltitudeString	40	static
../src/main/osd/osd_elements.c:385:6:osdFormatDistanceString	56	static
../src/main/osd/osd_elements.c:424:13:osdFormatPID	40	static
../src/main/osd/osd_elements.c:445:6:osdFormatTime	48	static
../src/main/osd/osd_elements.c:471:13:osdGetTimerSymbol	16	static
../src/main/osd/osd_elements.c:486:17:osdGetTimerValue	24	static
../src/main/osd/osd_elements.c:504:6:osdFormatTimer	40	static
../src/main/osd/osd_elements.c:516:13:osdGetBatterySymbol	32	static
../src/main/osd/osd_elements.c:527:16:osdGetHeadingIntoDiscreteDirections	24	static
../src/main/osd/osd_elements.c:541:16:osdGetDirectionSymbolFromHeading	16	static
../src/main/osd/osd_elements.c:559:7:osdGetMetersToSelectedUnit	16	static
../src/main/osd/osd_elements.c:572:6:osdGetMetersToSelectedUnitSymbol	4	static
../src/main/osd/osd_elements.c:586:9:osdGetSpeedToSelectedUnit	16	static
../src/main/osd/osd_elements.c:600:6:osdGetSpeedToSelectedUnitSymbol	4	static
../src/main/osd/osd_elements.c:611:6:osdGetVarioToSelectedUnitSymbol	4	static
../src/main/osd/osd_elements.c:622:6:osdGetTemperatureSymbolForSelectedUnit	4	static
../src/main/osd/osd_elements.c:647:13:osdElementAltitude	32	static
../src/main/osd/osd_elements.c:667:13:osdElementAngleRollPitch	32	static
../src/main/osd/osd_elements.c:674:13:osdElementAntiGravity	16	static
../src/main/osd/osd_elements.c:683:13:osdElementArtificialHorizon	64	static
../src/main/osd/osd_elements.c:708:13:osdElementUpDownReference	80	static
../src/main/osd/osd_elements.c:737:13:osdElementAverageCellVoltage	40	static
../src/main/osd/osd_elements.c:743:13:osdElementCompassBar	24	static
../src/main/osd/osd_elements.c:750:13:osdElementCoreTemperature	32	static
../src/main/osd/osd_elements.c:756:13:osdBackgroundCameraFrame	40	static
../src/main/osd/osd_elements.c:780:13:osdBackgroundCraftName	24	static
../src/main/osd/osd_elements.c:798:13:osdElementCrashFlipArrow	24	static
../src/main/osd/osd_elements.c:841:13:osdElementCrosshairs	16	static
../src/main/osd/osd_elements.c:849:13:osdElementCurrentDraw	32	static
../src/main/osd/osd_elements.c:855:13:osdElementDebug	16	static
../src/main/osd/osd_elements.c:861:13:osdElementDisarmed	16	static
../src/main/osd/osd_elements.c:868:13:osdBackgroundDisplayName	24	static
../src/main/osd/osd_elements.c:886:13:osdElementTotalFlights	24	static
../src/main/osd/osd_elements.c:971:13:osdElementFlymode	16	static
../src/main/osd/osd_elements.c:1000:13:osdElementGForce	24	static
../src/main/osd/osd_elements.c:1098:13:osdBackgroundHorizonSidebars	32	static
../src/main/osd/osd_elements.c:1168:13:osdElementMahDrawn	24	static
../src/main/osd/osd_elements.c:1173:13:osdElementMainBatteryUsage	40	static
../src/main/osd/osd_elements.c:1225:13:osdElementMainBatteryVoltage	40	static
../src/main/osd/osd_elements.c:1238:13:osdElementMotorDiagnostics	40	static
../src/main/osd/osd_elements.c:1258:13:osdElementNumericalHeading	32	static
../src/main/osd/osd_elements.c:1287:13:osdElementPidRateProfile	24	static
../src/main/osd/osd_elements.c:1292:13:osdElementPidsPitch	16	static
../src/main/osd/osd_elements.c:1297:13:osdElementPidsRoll	16	static
../src/main/osd/osd_elements.c:1302:13:osdElementPidsYaw	16	static
../src/main/osd/osd_elements.c:1307:13:osdElementPower	24	static
../src/main/osd/osd_elements.c:1312:13:osdElementRcChannels	48	static
../src/main/osd/osd_elements.c:1332:13:osdElementRemainingTimeEstimate	32	static
../src/main/osd/osd_elements.c:1346:13:osdElementRssi	24	static
../src/main/osd/osd_elements.c:1419:13:osdElementThrottlePosition	24	static
../src/main/osd/osd_elements.c:1424:13:osdElementTimer	16	static
../src/main/osd/osd_elements.c:1463:13:osdElementWarnings	24	static
../src/main/osd/osd_elements.c:1689:13:osdAddActiveElement	16	static
../src/main/osd/osd_elements.c:1699:6:osdAddActiveElements	16	static
../src/main/osd/osd_elements.c:1745:13:osdDrawSingleElement	88	static
../src/main/osd/osd_elements.c:1776:13:osdDrawSingleElementBackground	80	static
../src/main/osd/osd_elements.c:1805:9:osdGetActiveElement	4	static
../src/main/osd/osd_elements.c:1810:9:osdGetActiveElementCount	4	static
../src/main/osd/osd_elements.c:1816:6:osdDrawNextActiveElement	24	static
../src/main/osd/osd_elements.c:1841:6:osdDrawActiveElementsBackground	24	static
../src/main/osd/osd_elements.c:1853:6:osdElementsInit	16	static
../src/main/osd/osd_elements.c:1860:6:osdSyncBlink	4	static
../src/main/osd/osd_elements.c:1871:6:osdResetAlarms	8	static
../src/main/osd/osd_elements.c:1876:6:osdUpdateAlarms	32	static
../src/main/osd/osd_elements.c:1968:13:osdElementIsActive	24	static
../src/main/osd/osd_elements.c:1979:6:osdElementsNeedAccelerometer	8	static
