C:/Users/jjins/Documents/Project/SpeedyBeeF405V3/src/main/common/time.h:44:23:cmpTimeCycles	16	static
../src/main/drivers/accgyro/accgyro_spi_bmi270.c:134:16:bmi270RegisterRead	24	static
../src/main/drivers/accgyro/accgyro_spi_bmi270.c:145:13:bmi270RegisterWrite	24	static
../src/main/drivers/accgyro/accgyro_spi_bmi270.c:159:13:bmi270EnableSPI	16	static
../src/main/drivers/accgyro/accgyro_spi_bmi270.c:168:13:bmi270UploadConfig	16	static
../src/main/drivers/accgyro/accgyro_spi_bmi270.c:180:16:getBmiOsrMode	4	static
../src/main/drivers/accgyro/accgyro_spi_bmi270.c:195:6:bmi270Config	24	static
../src/main/drivers/accgyro/accgyro_spi_bmi270.c:258:13:bmi270SpiAccInit	16	static
../src/main/drivers/accgyro/accgyro_spi_bmi270.c:264:6:bmi270SpiAccDetect	16	static
../src/main/drivers/accgyro/accgyro_spi_bmi270.c:274:6:bmi270_Init	16	static
../src/main/drivers/accgyro/accgyro_spi_bmi270.c:295:6:bmi270Detect	16	static
../src/main/drivers/accgyro/accgyro_spi_bmi270.c:312:6:bmi270Intcallback	16	static
../src/main/drivers/accgyro/accgyro_spi_bmi270.c:326:6:HAL_GPIO_EXTI_Callback	24	static
../src/main/drivers/accgyro/accgyro_spi_bmi270.c:352:6:bmi270SpiAccRead	24	static
../src/main/drivers/accgyro/accgyro_spi_bmi270.c:392:13:bmi270GyroReadRegister	24	static
../src/main/drivers/accgyro/accgyro_spi_bmi270.c:458:13:bmi270GyroReadFifo	32	static
../src/main/drivers/accgyro/accgyro_spi_bmi270.c:520:6:bmi270SpiGyroRead	16	static
../src/main/drivers/accgyro/accgyro_spi_bmi270.c:535:13:bmi270SpiGyroInit	16	static
../src/main/drivers/accgyro/accgyro_spi_bmi270.c:546:6:bmi270SpiGyroDetect	16	static
../src/main/drivers/accgyro/accgyro_spi_bmi270.c:558:6:bmi270SetCallBack	16	static
../src/main/drivers/accgyro/accgyro_spi_bmi270.c:563:9:bmi270InterruptStatus	16	static
../src/main/drivers/accgyro/accgyro_spi_bmi270.c:569:6:cliBmi270	72	static
