C:/Users/jjins/Documents/Project/SpeedyBeeF405V3/src/main/common/time.h:43:27:cmpTimeUs	16	static
C:/Users/jjins/Documents/Project/SpeedyBeeF405V3/src/main/common/time.h:44:23:cmpTimeCycles	16	static
C:/Users/jjins/Documents/Project/SpeedyBeeF405V3/src/main/common/utils.h:101:23:cmp32	16	static
../src/main/scheduler/scheduler.c:109:6:queueClear	8	static
../src/main/scheduler/scheduler.c:116:6:queueContains	24	static
../src/main/scheduler/scheduler.c:126:6:queueAdd	24	static
../src/main/scheduler/scheduler.c:142:6:queueRemove	24	static
../src/main/scheduler/scheduler.c:157:9:queueFirst	4	static
../src/main/scheduler/scheduler.c:166:9:queueNext	4	static
../src/main/scheduler/scheduler.c:173:6:taskSystemLoad	24	static
../src/main/scheduler/scheduler.c:197:6:getCheckFuncInfo	16	static
../src/main/scheduler/scheduler.c:205:6:getTaskInfo	16	static
../src/main/scheduler/scheduler.c:225:6:rescheduleTask	32	static
../src/main/scheduler/scheduler.c:244:6:setTaskEnabled	24	static
../src/main/scheduler/scheduler.c:256:9:getTaskDeltaTimeUs	16	static
../src/main/scheduler/scheduler.c:268:6:schedulerIgnoreTaskStateTime	4	static
../src/main/scheduler/scheduler.c:275:6:schedulerIgnoreTaskExecRate	4	static
../src/main/scheduler/scheduler.c:281:6:schedulerIgnoreTaskExecTime	4	static
../src/main/scheduler/scheduler.c:286:6:schedulerGetIgnoreTaskExecTime	4	static
../src/main/scheduler/scheduler.c:291:6:schedulerResetTaskStatistics	16	static
../src/main/scheduler/scheduler.c:306:6:schedulerResetTaskMaxExecutionTime	24	static
../src/main/scheduler/scheduler.c:320:6:schedulerResetCheckFunctionMaxExecutionTime	4	static
../src/main/scheduler/scheduler.c:325:6:schedulerInit	16	static
../src/main/scheduler/scheduler.c:357:6:schedulerSetNextStateTime	16	static
../src/main/scheduler/scheduler.c:362:9:schedulerGetNextStateTime	4	static
../src/main/scheduler/scheduler.c:367:10:schedulerExecuteTask	40	static
../src/main/scheduler/scheduler.c:431:6:scheduler	104	static
../src/main/scheduler/scheduler.c:715:6:schedulerEnableGyro	4	static
../src/main/scheduler/scheduler.c:720:10:getAverageSystemLoadPercent	4	static
../src/main/scheduler/scheduler.c:725:7:schedulerGetCycleTimeMultiplier	8	static
