../src/main/common/filter.c:37:7:nullFilterApply	16	static
../src/main/common/filter.c:46:7:pt1FilterGain	24	static
../src/main/common/filter.c:52:6:pt1FilterInit	16	static
../src/main/common/filter.c:58:6:pt1FilterUpdateCutoff	16	static
../src/main/common/filter.c:63:7:pt1FilterApply	16	static
../src/main/common/filter.c:71:7:pt2FilterGain	32	static
../src/main/common/filter.c:81:6:pt2FilterInit	16	static
../src/main/common/filter.c:88:6:pt2FilterUpdateCutoff	16	static
../src/main/common/filter.c:93:7:pt2FilterApply	16	static
../src/main/common/filter.c:102:7:pt3FilterGain	32	static
../src/main/common/filter.c:112:6:pt3FilterInit	16	static
../src/main/common/filter.c:120:6:pt3FilterUpdateCutoff	16	static
../src/main/common/filter.c:125:7:pt3FilterApply	16	static
../src/main/common/filter.c:136:6:slewFilterInit	24	static
../src/main/common/filter.c:143:7:slewFilterApply	16	static
../src/main/common/filter.c:161:7:filterGetNotchQ	16	static
../src/main/common/filter.c:167:6:biquadFilterInitLPF	24	static
../src/main/common/filter.c:172:6:biquadFilterInit	32	static
../src/main/common/filter.c:181:6:biquadFilterUpdate	56	static
../src/main/common/filter.c:228:6:biquadFilterUpdateLPF	24	static
../src/main/common/filter.c:234:7:biquadFilterApplyDF1	24	static
../src/main/common/filter.c:251:7:biquadFilterApplyDF1Weighted	24	static
../src/main/common/filter.c:261:7:biquadFilterApply	24	static
../src/main/common/filter.c:271:6:laggedMovingAverageInit	24	static
../src/main/common/filter.c:281:7:laggedMovingAverageUpdate	24	static
../src/main/common/filter.c:298:9:simpleLPFilterUpdate	24	static
../src/main/common/filter.c:307:6:simpleLPFilterInit	24	static
