../src/main/common/streambuf.c:26:9:sbufInit	24	static
../src/main/common/streambuf.c:33:6:sbufWriteU8	16	static
../src/main/common/streambuf.c:38:6:sbufWriteU16	16	static
../src/main/common/streambuf.c:44:6:sbufWriteU32	16	static
../src/main/common/streambuf.c:52:6:sbufWriteU16BigEndian	16	static
../src/main/common/streambuf.c:58:6:sbufWriteU32BigEndian	16	static
../src/main/common/streambuf.c:67:6:sbufFill	24	static
../src/main/common/streambuf.c:73:6:sbufWriteData	24	static
../src/main/common/streambuf.c:79:6:sbufWriteString	16	static
../src/main/common/streambuf.c:84:6:sbufWriteStringWithZeroTerminator	16	static
../src/main/common/streambuf.c:89:9:sbufReadU8	16	static
../src/main/common/streambuf.c:94:10:sbufReadU16	24	static
../src/main/common/streambuf.c:102:10:sbufReadU32	24	static
../src/main/common/streambuf.c:112:6:sbufReadData	24	static
../src/main/common/streambuf.c:119:5:sbufBytesRemaining	16	static
../src/main/common/streambuf.c:124:10:sbufPtr	16	static
../src/main/common/streambuf.c:129:16:sbufConstPtr	16	static
../src/main/common/streambuf.c:137:6:sbufAdvance	16	static
../src/main/common/streambuf.c:143:6:sbufSwitchToReader	16	static
