C:/Users/jjins/Documents/Project/SpeedyBeeF405V3/src/main/common/maths.h:156:19:constrain	24	static
../src/main/config/config.c:91:6:pilotConfig_Init	4	static
../src/main/config/config.c:99:6:systemConfig_Init	4	static
../src/main/config/config.c:114:6:isEepromWriteInProgress	4	static
../src/main/config/config.c:119:9:getCurrentPidProfileIndex	4	static
../src/main/config/config.c:124:13:loadPidProfile	4	static
../src/main/config/config.c:129:9:getCurrentControlRateProfileIndex	4	static
../src/main/config/config.c:134:10:getCurrentMinthrottle	4	static
../src/main/config/config.c:139:6:resetConfig	4	static
../src/main/config/config.c:148:13:activateConfig	8	static
../src/main/config/config.c:176:13:adjustFilterLimit	16	static
../src/main/config/config.c:183:13:validateAndFixRatesSettings	24	static
../src/main/config/config.c:195:13:validateAndFixPositionConfig	4	static
../src/main/config/config.c:203:13:validateAndFixConfig	48	static
../src/main/config/config.c:592:6:validateAndFixGyroConfig	56	static
../src/main/config/config.c:708:6:readEEPROM	16	static
../src/main/config/config.c:726:6:writeUnmodifiedConfigToEEPROM	8	static
../src/main/config/config.c:738:6:writeEEPROM	8	static
../src/main/config/config.c:748:6:resetEEPROM	16	static
../src/main/config/config.c:768:6:isEEPROMStructureValid	4	static
../src/main/config/config.c:776:6:saveConfigAndNotify	8	static
../src/main/config/config.c:786:6:setConfigDirty	4	static
../src/main/config/config.c:791:6:isConfigDirty	4	static
../src/main/config/config.c:796:6:changePidProfileFromCellCount	24	static
../src/main/config/config.c:821:6:changePidProfile	16	static
../src/main/config/config.c:838:6:isSystemConfigured	4	static
../src/main/config/config.c:843:6:setRebootRequired	4	static
../src/main/config/config.c:849:6:getRebootRequired	4	static
