../lib/USB_DEVICE/App/usbd_cdc_if.c:42:10:cdcAvailable	16	static
../lib/USB_DEVICE/App/usbd_cdc_if.c:51:9:cdcRead	16	static
../lib/USB_DEVICE/App/usbd_cdc_if.c:65:6:cdcDataIn	24	static
../lib/USB_DEVICE/App/usbd_cdc_if.c:79:10:cdcWrite	24	static
../lib/USB_DEVICE/App/usbd_cdc_if.c:107:10:cdcGetBaud	4	static
../lib/USB_DEVICE/App/usbd_cdc_if.c:112:9:USBD_CDC_SOF	32	static
../lib/USB_DEVICE/App/usbd_cdc_if.c:256:15:CDC_Init_FS	8	static
../lib/USB_DEVICE/App/usbd_cdc_if.c:270:15:CDC_DeInit_FS	4	static
../lib/USB_DEVICE/App/usbd_cdc_if.c:284:15:CDC_Control_FS	16	static
../lib/USB_DEVICE/App/usbd_cdc_if.c:378:15:CDC_Receive_FS	32	static
../lib/USB_DEVICE/App/usbd_cdc_if.c:414:9:CDC_Transmit_FS	24	static
../lib/USB_DEVICE/App/usbd_cdc_if.c:440:15:CDC_TransmitCplt_FS	32	static
