C:/Users/jjins/Documents/Project/SpeedyBeeF405V3/src/main/common/maths.h:156:19:constrain	24	static
C:/Users/jjins/Documents/Project/SpeedyBeeF405V3/src/main/common/maths.h:166:21:constrainf	24	static
C:/Users/jjins/Documents/Project/SpeedyBeeF405V3/src/main/common/utils.h:101:23:cmp32	16	static
C:/Users/jjins/Documents/Project/SpeedyBeeF405V3/src/main/common/time.h:43:27:cmpTimeUs	16	static
../src/main/rx/rx.c:104:6:rxConfig_Init	8	static
../src/main/rx/rx.c:149:6:rxChannelRangeConfigs_Init	16	static
../src/main/rx/rx.c:160:6:rxFailsafeChannelConfigs_Init	16	static
../src/main/rx/rx.c:170:6:resetAllRxChannelRangeConfigurations	24	static
../src/main/rx/rx.c:179:14:nullReadRawRC	16	static
../src/main/rx/rx.c:187:16:nullFrameStatus	16	static
../src/main/rx/rx.c:194:13:nullProcessFrame	16	static
../src/main/rx/rx.c:201:6:isPulseValid	16	static
../src/main/rx/rx.c:211:13:serialRxInit	24	static
../src/main/rx/rx.c:232:6:rxInit	32	static
../src/main/rx/rx.c:343:6:rxIsReceivingSignal	4	static
../src/main/rx/rx.c:348:6:rxAreFlightChannelsValid	4	static
../src/main/rx/rx.c:353:6:suspendRxSignal	8	static
../src/main/rx/rx.c:364:6:resumeRxSignal	8	static
../src/main/rx/rx.c:396:13:setLinkQuality	16	static
../src/main/rx/rx.c:423:6:setLinkQualityDirect	16	static
../src/main/rx/rx.c:439:6:rxUpdateCheck	16	static
../src/main/rx/rx.c:447:6:rxFrameCheck	40	static
../src/main/rx/rx.c:544:17:getRxfailValue	24	static
../src/main/rx/rx.c:580:14:applyRxChannelRangeConfiguraton	16	static
../src/main/rx/rx.c:592:13:readRxChannelsApplyRanges	24	static
../src/main/rx/rx.c:618:6:detectAndApplySignalLossBehaviour	24	static
../src/main/rx/rx.c:697:6:calculateRxChannelsAndUpdateFailsafe	16	static
../src/main/rx/rx.c:731:6:parseRcChannels	24	static
../src/main/rx/rx.c:741:6:setRssiDirect	16	static
../src/main/rx/rx.c:752:17:updateRssiSamples	16	static
../src/main/rx/rx.c:764:6:setRssi	16	static
../src/main/rx/rx.c:779:6:setRssiMsp	16	static
../src/main/rx/rx.c:791:13:updateRSSIPWM	24	static
../src/main/rx/rx.c:800:13:updateRSSIADC	24	static
../src/main/rx/rx.c:819:6:updateRSSI	16	static
../src/main/rx/rx.c:838:10:getRssi	16	static
../src/main/rx/rx.c:850:9:getRssiPercent	16	static
../src/main/rx/rx.c:855:9:getRssiDbm	4	static
../src/main/rx/rx.c:862:16:updateRssiDbmSamples	16	static
../src/main/rx/rx.c:874:6:setRssiDbm	16	static
../src/main/rx/rx.c:883:6:setRssiDbmDirect	16	static
../src/main/rx/rx.c:916:10:rxGetRefreshRate	4	static
../src/main/rx/rx.c:921:6:isRssiConfigured	4	static
../src/main/rx/rx.c:926:9:rxGetFrameDelta	24	static
../src/main/rx/rx.c:946:10:rxFrameTimeUs	4	static
../src/main/rx/rx.c:952:6:cliRx	168	static
