C:/Users/jjins/Documents/Project/SpeedyBeeF405V3/src/main/common/maths.h:156:19:constrain	24	static
C:/Users/jjins/Documents/Project/SpeedyBeeF405V3/src/main/common/utils.h:101:23:cmp32	16	static
../src/main/sensors/battery.c:94:6:batteryConfig_Init	4	static
../src/main/sensors/battery.c:126:6:batteryUpdateVoltage	16	static
../src/main/sensors/battery.c:154:13:updateBatteryBeeperAlert	8	static
../src/main/sensors/battery.c:174:13:isVoltageStable	16	static
../src/main/sensors/battery.c:179:13:isVoltageFromBat	4	static
../src/main/sensors/battery.c:188:6:batteryUpdatePresence	16	static
../src/main/sensors/battery.c:227:13:batteryUpdateVoltageState	8	static
../src/main/sensors/battery.c:268:13:batteryUpdateLVC	16	static
../src/main/sensors/battery.c:288:13:batteryUpdateConsumptionState	16	static
../src/main/sensors/battery.c:303:6:batteryUpdateStates	24	static
../src/main/sensors/battery.c:311:27:getLowVoltageCutoff	4	static
../src/main/sensors/battery.c:316:16:getBatteryState	4	static
../src/main/sensors/battery.c:321:16:getVoltageState	4	static
../src/main/sensors/battery.c:326:16:getConsumptionState	4	static
../src/main/sensors/battery.c:333:14:getBatteryStateString	8	static
../src/main/sensors/battery.c:338:6:batteryInit	8	static
../src/main/sensors/battery.c:408:6:batteryUpdateCurrentMeter	24	static
../src/main/sensors/battery.c:459:9:calculateBatteryPercentageRemaining	16	static
../src/main/sensors/battery.c:475:6:batteryUpdateAlarms	8	static
../src/main/sensors/battery.c:483:6:isBatteryVoltageConfigured	4	static
../src/main/sensors/battery.c:488:10:getBatteryVoltage	4	static
../src/main/sensors/battery.c:493:10:getLegacyBatteryVoltage	4	static
../src/main/sensors/battery.c:498:10:getBatteryVoltageLatest	4	static
../src/main/sensors/battery.c:503:9:getBatteryCellCount	4	static
../src/main/sensors/battery.c:508:10:getBatteryAverageCellVoltage	4	static
../src/main/sensors/battery.c:520:6:isAmperageConfigured	4	static
../src/main/sensors/battery.c:525:9:getAmperage	4	static
../src/main/sensors/battery.c:529:9:getAmperageLatest	4	static
../src/main/sensors/battery.c:534:9:getMAhDrawn	4	static
