C:/Users/jjins/Documents/Project/SpeedyBeeF405V3/src/main/common/maths.h:156:19:constrain	24	static
C:/Users/jjins/Documents/Project/SpeedyBeeF405V3/src/main/common/time.h:43:27:cmpTimeUs	16	static
../src/main/sensors/gyro.c:101:6:gyroConfig_init	16	static
../src/main/sensors/gyro.c:134:6:gyroDeviceConfig_Init	24	static
../src/main/sensors/gyro.c:141:6:isGyroSensorCalibrationComplete	16	static
../src/main/sensors/gyro.c:146:6:gyroIsCalibrationComplete	8	static
../src/main/sensors/gyro.c:164:13:isOnFinalGyroCalibrationCycle	16	static
../src/main/sensors/gyro.c:169:16:gyroCalculateCalibratingCycles	4	static
../src/main/sensors/gyro.c:174:13:isOnFirstGyroCalibrationCycle	24	static
../src/main/sensors/gyro.c:179:13:gyroSetCalibrationCycles	16	static
../src/main/sensors/gyro.c:190:6:gyroStartCalibration	16	static
../src/main/sensors/gyro.c:206:6:isFirstArmingGyroCalibrationRunning	8	static
../src/main/sensors/gyro.c:211:6:performGyroCalibration	32	static
../src/main/sensors/gyro.c:277:13:handleOverflow	24	static
../src/main/sensors/gyro.c:299:13:checkForOverflow	24	static
../src/main/sensors/gyro.c:340:13:handleYawSpin	24	static
../src/main/sensors/gyro.c:354:13:checkForYawSpin	16	static
../src/main/sensors/gyro.c:378:13:gyroUpdateSensor	16	static
../src/main/sensors/gyro.c:407:6:gyroUpdate	8	static
../src/main/sensors/gyro.c:453:13:filterGyro	16	static
../src/main/sensors/gyro.c:524:6:gyroFiltering	24	static
../src/main/sensors/gyro.c:560:6:gyroGetAccumulationAverage	32	static
../src/main/sensors/gyro.c:579:9:gyroReadSensorTemperature	8	static
../src/main/sensors/gyro.c:587:6:gyroReadTemperature	232	static
../src/main/sensors/gyro.c:606:9:gyroGetTemperature	4	static
../src/main/sensors/gyro.c:611:6:gyroOverflowDetected	4	static
../src/main/sensors/gyro.c:621:6:gyroYawSpinDetected	4	static
../src/main/sensors/gyro.c:627:10:gyroAbsRateDps	16	static
../src/main/sensors/gyro.c:634:7:dynThrottle	16	static
../src/main/sensors/gyro.c:638:6:dynLpfGyroUpdate	48	static
../src/main/sensors/gyro.c:676:6:initYawSpinRecovery	40	static
