../src/main/io/displayport_max7456.c:60:6:displayPortProfileMax7456_Init	4	static
../src/main/io/displayport_max7456.c:72:12:grab	16	static
../src/main/io/displayport_max7456.c:79:12:release	16	static
../src/main/io/displayport_max7456.c:86:12:clearScreen	16	static
../src/main/io/displayport_max7456.c:100:13:drawScreen	16	static
../src/main/io/displayport_max7456.c:106:12:screenSize	16	static
../src/main/io/displayport_max7456.c:112:12:writeString	16	static
../src/main/io/displayport_max7456.c:122:12:writeChar	16	static
../src/main/io/displayport_max7456.c:132:13:isTransferInProgress	16	static
../src/main/io/displayport_max7456.c:138:13:isSynced	16	static
../src/main/io/displayport_max7456.c:144:13:redraw	16	static
../src/main/io/displayport_max7456.c:153:12:heartbeat	16	static
../src/main/io/displayport_max7456.c:161:17:txBytesFree	16	static
../src/main/io/displayport_max7456.c:167:13:layerSupported	16	static
../src/main/io/displayport_max7456.c:173:13:layerSelect	16	static
../src/main/io/displayport_max7456.c:179:13:layerCopy	16	static
../src/main/io/displayport_max7456.c:185:13:writeFontCharacter	24	static
../src/main/io/displayport_max7456.c:192:13:checkReady	16	static
../src/main/io/displayport_max7456.c:214:6:setBackgroundType	16	static
../src/main/io/displayport_max7456.c:241:6:max7456DisplayPortInit	16	static
