../src/main/msp/msp.c:106:6:serialize8	16	static
../src/main/msp/msp.c:112:6:serialize16	16	static
../src/main/msp/msp.c:118:6:serialize32	16	static
../src/main/msp/msp.c:126:9:read8	4	static
../src/main/msp/msp.c:131:10:read16	16	static
../src/main/msp/msp.c:138:10:read32	16	static
../src/main/msp/msp.c:145:6:headSerial	16	static
../src/main/msp/msp.c:155:6:headSerialSend	16	static
../src/main/msp/msp.c:160:6:headSerialResponse	16	static
../src/main/msp/msp.c:170:6:headSerialReply	16	static
../src/main/msp/msp.c:175:6:headSerialError	16	static
../src/main/msp/msp.c:180:6:tailSerialReply	8	static
../src/main/msp/msp.c:187:6:s_struct_partial	16	static
../src/main/msp/msp.c:192:6:s_struct	16	static
../src/main/msp/msp.c:200:6:SerialCom	24	static
../src/main/msp/msp.c:283:6:evaluateCommand	16	static
../src/main/msp/msp.c:741:6:SerialSerialize	24	static
../src/main/msp/msp.c:748:6:UartSendData	32	static
