../src/main/hw/cli.c:117:6:cliInit	8	static
../src/main/hw/cli.c:143:6:cliOpen	16	static
../src/main/hw/cli.c:153:6:cliOpenLog	24	static
../src/main/hw/cli.c:169:6:cliLogClose	4	static
../src/main/hw/cli.c:175:6:cliShowLog	24	static
../src/main/hw/cli.c:195:6:cliShowPrompt	16	static
../src/main/hw/cli.c:201:6:cliMain	8	static
../src/main/hw/cli.c:216:6:cliUpdate	56	static
../src/main/hw/cli.c:427:6:cliLineClean	16	static
../src/main/hw/cli.c:435:6:cliLineAdd	32	static
../src/main/hw/cli.c:450:6:cliLineChange	40	static
../src/main/hw/cli.c:492:6:cliRunCmd	24	static
../src/main/hw/cli.c:518:6:cliParseArgs	40	static
../src/main/hw/cli.c:550:6:cliPrintf	24	static
../src/main/hw/cli.c:564:6:cliToUpper	24	static
../src/main/hw/cli.c:591:9:cliArgsGetData	24	static
../src/main/hw/cli.c:607:7:cliArgsGetFloat	24	static
../src/main/hw/cli.c:623:7:cliArgsGetStr	24	static
../src/main/hw/cli.c:639:6:cliArgsIsStr	24	static
../src/main/hw/cli.c:658:6:cliKeepLoop	16	static
../src/main/hw/cli.c:673:6:cliAdd	32	static
../src/main/hw/cli.c:696:6:cliShowList	24	static
../src/main/hw/cli.c:713:6:cliMemoryDump	56	static
../src/main/hw/cli.c:772:6:cliTaskList	160	static
