../src/main/hw/sd.c:61:6:sdInit	16	static
../src/main/hw/sd.c:105:6:sdDeInit	16	static
../src/main/hw/sd.c:117:6:sdIsInit	4	static
../src/main/hw/sd.c:122:6:sdIsDetected	8	static
../src/main/hw/sd.c:136:6:sdGetInfo	32	static
../src/main/hw/sd.c:150:6:sdIsBusy	16	static
../src/main/hw/sd.c:162:6:sdIsReady	24	static
../src/main/hw/sd.c:179:6:sdReadBlocks	32	static
../src/main/hw/sd.c:229:6:sdWriteBlocks	32	static
../src/main/hw/sd.c:289:6:sdEraseBlocks	24	static
../src/main/hw/sd.c:299:6:sdSpiCS	16	static
../src/main/hw/sd.c:304:6:sdSpiTxByte	32	static
../src/main/hw/sd.c:313:9:sdSpiRxByte	24	static
../src/main/hw/sd.c:323:9:sdSpiReadyWait	16	static
../src/main/hw/sd.c:340:6:sdSpiPowerOn	32	static
../src/main/hw/sd.c:384:6:sdSpiPowerOff	4	static
../src/main/hw/sd.c:390:9:sdSpiCheckPower	4	static
../src/main/hw/sd.c:397:6:sdSpiRxDataBlock	24	static
../src/main/hw/sd.c:434:6:sdSpiTxDataBlock	24	static
../src/main/hw/sd.c:486:9:sdSpiSendCmd	24	static
../src/main/hw/sd.c:529:6:sdSpiInitialize	72	static
../src/main/hw/sd.c:669:6:cliSd	552	static
