../src/main/target/bsp.c:19:6:cycleCounterInit	16	static
../src/main/target/bsp.c:37:6:HAL_SYSTICK_Callback	4	static
../src/main/target/bsp.c:45:10:getCycleCounter	4	static
../src/main/target/bsp.c:50:9:clockCyclesToMicros	16	static
../src/main/target/bsp.c:56:9:clockCyclesTo10thMicros	16	static
../src/main/target/bsp.c:61:10:clockMicrosToCycles	16	static
../src/main/target/bsp.c:66:6:delay	16	static
../src/main/target/bsp.c:72:10:millis	8	static
../src/main/target/bsp.c:79:10:micros	4	static
../src/main/target/bsp.c:91:6:delayMicroseconds	24	static
../src/main/target/bsp.c:97:5:__io_putchar	16	static
