../src/main/target/stm32f4xx_it.c:90:6:NMI_Handler	4	static
../src/main/target/stm32f4xx_it.c:105:6:HardFault_Handler	4	static
../src/main/target/stm32f4xx_it.c:119:6:MemManage_Handler	4	static
../src/main/target/stm32f4xx_it.c:134:6:BusFault_Handler	4	static
../src/main/target/stm32f4xx_it.c:149:6:UsageFault_Handler	4	static
../src/main/target/stm32f4xx_it.c:164:6:SVC_Handler	4	static
../src/main/target/stm32f4xx_it.c:177:6:DebugMon_Handler	4	static
../src/main/target/stm32f4xx_it.c:190:6:PendSV_Handler	4	static
../src/main/target/stm32f4xx_it.c:203:6:SysTick_Handler	8	static
../src/main/target/stm32f4xx_it.c:225:6:EXTI4_IRQHandler	8	static
../src/main/target/stm32f4xx_it.c:239:6:DMA1_Stream0_IRQHandler	8	static
../src/main/target/stm32f4xx_it.c:253:6:DMA1_Stream1_IRQHandler	8	static
../src/main/target/stm32f4xx_it.c:267:6:DMA1_Stream2_IRQHandler	8	static
../src/main/target/stm32f4xx_it.c:281:6:DMA1_Stream3_IRQHandler	8	static
../src/main/target/stm32f4xx_it.c:295:6:DMA1_Stream4_IRQHandler	8	static
../src/main/target/stm32f4xx_it.c:309:6:DMA1_Stream5_IRQHandler	8	static
../src/main/target/stm32f4xx_it.c:323:6:ADC_IRQHandler	8	static
../src/main/target/stm32f4xx_it.c:337:6:I2C2_EV_IRQHandler	8	static
../src/main/target/stm32f4xx_it.c:351:6:I2C2_ER_IRQHandler	8	static
../src/main/target/stm32f4xx_it.c:365:6:SPI1_IRQHandler	8	static
../src/main/target/stm32f4xx_it.c:379:6:SPI2_IRQHandler	8	static
../src/main/target/stm32f4xx_it.c:393:6:USART1_IRQHandler	8	static
../src/main/target/stm32f4xx_it.c:407:6:USART2_IRQHandler	8	static
../src/main/target/stm32f4xx_it.c:421:6:USART3_IRQHandler	8	static
../src/main/target/stm32f4xx_it.c:435:6:UART4_IRQHandler	8	static
../src/main/target/stm32f4xx_it.c:449:6:UART5_IRQHandler	8	static
../src/main/target/stm32f4xx_it.c:463:6:DMA2_Stream0_IRQHandler	8	static
../src/main/target/stm32f4xx_it.c:477:6:DMA2_Stream1_IRQHandler	8	static
../src/main/target/stm32f4xx_it.c:491:6:DMA2_Stream2_IRQHandler	8	static
../src/main/target/stm32f4xx_it.c:505:6:DMA2_Stream3_IRQHandler	8	static
../src/main/target/stm32f4xx_it.c:519:6:OTG_FS_IRQHandler	8	static
../src/main/target/stm32f4xx_it.c:533:6:DMA2_Stream5_IRQHandler	8	static
../src/main/target/stm32f4xx_it.c:547:6:USART6_IRQHandler	8	static
