../src/main/fc/board_info.c:41:6:boardConfig_Init	16	static
../src/main/fc/board_info.c:70:6:initBoardInformation	16	static
../src/main/fc/board_info.c:84:13:getManufacturerId	4	static
../src/main/fc/board_info.c:89:13:getBoardName	4	static
../src/main/fc/board_info.c:94:6:boardInformationIsSet	4	static
../src/main/fc/board_info.c:99:6:setManufacturerId	16	static
../src/main/fc/board_info.c:112:6:setBoardName	16	static
../src/main/fc/board_info.c:125:6:persistBoardInformation	8	static
../src/main/fc/board_info.c:141:16:getSignature	4	static
../src/main/fc/board_info.c:146:6:signatureIsSet	4	static
../src/main/fc/board_info.c:151:6:setSignature	24	static
../src/main/fc/board_info.c:162:6:persistSignature	16	static
