C:/Users/jjins/Documents/Project/SpeedyBeeF405V3/src/main/common/maths.h:156:19:constrain	24	static
../src/main/fc/core.c:107:6:throttleCorrectionConfig_Init	4	static
../src/main/fc/core.c:113:13:isCalibrating	8	static
../src/main/fc/core.c:129:6:resetArmingDisabled	4	static
../src/main/fc/core.c:135:13:accNeedsCalibration	8	static
../src/main/fc/core.c:185:7:updateArmingStatus	16	static
../src/main/fc/core.c:352:6:disarm	16	static
../src/main/fc/core.c:399:6:tryArm	24	static
../src/main/fc/core.c:526:7:handleInflightCalibrationStickPosition	4	static
../src/main/fc/core.c:542:14:updateInflightCalibrationState	8	static
../src/main/fc/core.c:559:13:updateMagHold	16	static
../src/main/fc/core.c:622:8:calculateThrottlePercent	16	static
../src/main/fc/core.c:648:9:calculateThrottlePercentAbs	16	static
../src/main/fc/core.c:655:6:isAirmodeActivated	4	static
../src/main/fc/core.c:663:6:processRx	24	static
../src/main/fc/core.c:803:6:processRxModes	24	static
../src/main/fc/core.c:1006:13:subTaskPidController	24	static
../src/main/fc/core.c:1062:13:subTaskPidSubprocesses	24	static
../src/main/fc/core.c:1101:13:subTaskMotorUpdate	24	static
../src/main/fc/core.c:1138:13:subTaskRcCommand	16	static
../src/main/fc/core.c:1161:6:taskGyroSample	16	static
../src/main/fc/core.c:1171:6:gyroFilterReady	4	static
../src/main/fc/core.c:1180:6:pidLoopReady	4	static
../src/main/fc/core.c:1188:6:taskFiltering	16	static
../src/main/fc/core.c:1197:6:taskMainPidLoop	16	static
../src/main/fc/core.c:1220:6:isFlipOverAfterCrashActive	4	static
../src/main/fc/core.c:1225:10:getLastDisarmTimeUs	4	static
../src/main/fc/core.c:1230:6:isTryingToArm	4	static
../src/main/fc/core.c:1235:6:resetTryingToArm	4	static
../src/main/fc/core.c:1240:6:isLaunchControlActive	4	static
