C:/Users/jjins/Documents/Project/SpeedyBeeF405V3/src/main/common/time.h:43:27:cmpTimeUs	16	static
C:/Users/jjins/Documents/Project/SpeedyBeeF405V3/src/main/common/maths.h:156:19:constrain	24	static
C:/Users/jjins/Documents/Project/SpeedyBeeF405V3/src/main/common/maths.h:166:21:constrainf	24	static
../src/main/fc/rc.c:95:6:getShouldUpdateFeedforward	16	static
../src/main/fc/rc.c:105:7:getSetpointRate	16	static
../src/main/fc/rc.c:114:7:getRcDeflection	16	static
../src/main/fc/rc.c:123:7:getRcDeflectionAbs	16	static
../src/main/fc/rc.c:129:7:getRawSetpoint	16	static
../src/main/fc/rc.c:134:7:getRcCommandDelta	16	static
../src/main/fc/rc.c:139:6:getRxRateValid	4	static
../src/main/fc/rc.c:148:16:rcLookupThrottle	24	static
../src/main/fc/rc.c:160:7:applyBetaflightRates	40	static
../src/main/fc/rc.c:180:7:applyRaceFlightRates	32	static
../src/main/fc/rc.c:191:7:applyKissRates	40	static
../src/main/fc/rc.c:202:7:applyActualRates	48	static
../src/main/fc/rc.c:214:7:applyQuickRates	56	static
../src/main/fc/rc.c:238:7:applyCurve	16	static
../src/main/fc/rc.c:243:13:scaleRawSetpointToFpvCamAngle	16	static
../src/main/fc/rc.c:265:13:checkForThrottleErrorResetState	32	static
../src/main/fc/rc.c:290:6:updateRcRefreshRate	40	static
../src/main/fc/rc.c:309:10:getCurrentRxRefreshRate	4	static
../src/main/fc/rc.c:316:5:calcAutoSmoothingCutoff	24	static
../src/main/fc/rc.c:330:6:rcSmoothingSetFilterCutoffs	64	static
../src/main/fc/rc.c:382:6:rcSmoothingResetAccumulation	16	static
../src/main/fc/rc.c:392:13:rcSmoothingAccumulateSample	40	static
../src/main/fc/rc.c:412:6:rcSmoothingAutoCalculate	4	static
../src/main/fc/rc.c:421:13:processRcSmoothingFilter	56	static
../src/main/fc/rc.c:563:6:processRcCommand	24	static
../src/main/fc/rc.c:626:6:updateRcCommands	56	static
../src/main/fc/rc.c:707:6:resetYawAxis	4	static
../src/main/fc/rc.c:713:6:isMotorsReversed	4	static
../src/main/fc/rc.c:718:6:initRcProcessing	32	static
../src/main/fc/rc.c:766:22:getRcSmoothingData	4	static
../src/main/fc/rc.c:771:6:rcSmoothingInitializationComplete	4	static
