../src/main/drivers/display_canvas.c:31:6:displayCanvasSetStrokeColor	16	static
../src/main/drivers/display_canvas.c:38:6:displayCanvasSetFillColor	16	static
../src/main/drivers/display_canvas.c:45:6:displayCanvasSetStrokeAndFillColor	16	static
../src/main/drivers/display_canvas.c:55:6:displayCanvasSetColorInversion	16	static
../src/main/drivers/display_canvas.c:62:6:displayCanvasSetPixel	32	static
../src/main/drivers/display_canvas.c:69:6:displayCanvasSetPixelToStrokeColor	24	static
../src/main/drivers/display_canvas.c:76:6:displayCanvasSetPixelToFillColor	24	static
../src/main/drivers/display_canvas.c:83:6:displayCanvasSetStrokeWidth	16	static
../src/main/drivers/display_canvas.c:90:6:displayCanvasSetLineOutlineType	16	static
../src/main/drivers/display_canvas.c:97:6:displayCanvasSetLineOutlineColor	16	static
../src/main/drivers/display_canvas.c:104:6:displayCanvasClipToRect	40	static
../src/main/drivers/display_canvas.c:111:6:displayCanvasClearRect	40	static
../src/main/drivers/display_canvas.c:118:6:displayCanvasResetDrawingState	16	static
../src/main/drivers/display_canvas.c:125:6:displayCanvasDrawCharacter	40	static
../src/main/drivers/display_canvas.c:132:6:displayCanvasDrawCharacterMask	40	static
../src/main/drivers/display_canvas.c:139:6:displayCanvasDrawString	40	static
../src/main/drivers/display_canvas.c:146:6:displayCanvasDrawStringMask	40	static
../src/main/drivers/display_canvas.c:153:6:displayCanvasMoveToPoint	24	static
../src/main/drivers/display_canvas.c:160:6:displayCanvasStrokeLineToPoint	24	static
../src/main/drivers/display_canvas.c:167:6:displayCanvasStrokeTriangle	48	static
../src/main/drivers/display_canvas.c:174:6:displayCanvasFillTriangle	48	static
../src/main/drivers/display_canvas.c:181:6:displayCanvasFillStrokeTriangle	48	static
../src/main/drivers/display_canvas.c:188:6:displayCanvasStrokeRect	40	static
../src/main/drivers/display_canvas.c:195:6:displayCanvasFillRect	40	static
../src/main/drivers/display_canvas.c:202:6:displayCanvasFillStrokeRect	40	static
../src/main/drivers/display_canvas.c:209:6:displayCanvasStrokeEllipseInRect	40	static
../src/main/drivers/display_canvas.c:216:6:displayCanvasFillEllipseInRect	40	static
../src/main/drivers/display_canvas.c:223:6:displayCanvasFillStrokeEllipseInRect	40	static
../src/main/drivers/display_canvas.c:230:6:displayCanvasCtmReset	16	static
../src/main/drivers/display_canvas.c:237:6:displayCanvasCtmSet	40	static
../src/main/drivers/display_canvas.c:244:6:displayCanvasCtmTranslate	24	static
../src/main/drivers/display_canvas.c:251:6:displayCanvasCtmScale	24	static
../src/main/drivers/display_canvas.c:258:6:displayCanvasCtmRotate	16	static
../src/main/drivers/display_canvas.c:265:6:displayCanvasContextPush	16	static
../src/main/drivers/display_canvas.c:272:6:displayCanvasContextPop	16	static
