C:/Users/jjins/Documents/Project/SpeedyBeeF405V3/src/main/common/time.h:43:27:cmpTimeUs	16	static
../src/main/drivers/max7456.c:47:6:max7456Config_Init	4	static
../src/main/drivers/max7456.c:245:17:getLayerBuffer	16	static
../src/main/drivers/max7456.c:250:17:getActiveLayerBuffer	8	static
../src/main/drivers/max7456.c:255:13:max7456SetRegisterVM1	16	static
../src/main/drivers/max7456.c:278:9:max7456GetRowsCount	4	static
../src/main/drivers/max7456.c:285:13:max7456ClearShadowBuffer	8	static
../src/main/drivers/max7456.c:291:13:max7456ClearLayer	16	static
../src/main/drivers/max7456.c:296:6:max7456ReInit	16	static
../src/main/drivers/max7456.c:345:6:max7456PreInit	16	static
../src/main/drivers/max7456.c:354:21:max7456Init	32	static
../src/main/drivers/max7456.c:465:6:max7456Invert	16	static
../src/main/drivers/max7456.c:488:6:max7456Brightness	32	static
../src/main/drivers/max7456.c:503:6:max7456ClearScreen	8	static
../src/main/drivers/max7456.c:508:6:max7456WriteChar	24	static
../src/main/drivers/max7456.c:516:6:max7456Write	24	static
../src/main/drivers/max7456.c:526:6:max7456LayerSupported	16	static
../src/main/drivers/max7456.c:535:6:max7456LayerSelect	16	static
../src/main/drivers/max7456.c:545:6:max7456LayerCopy	24	static
../src/main/drivers/max7456.c:555:6:max7456DmaInProgress	8	static
../src/main/drivers/max7456.c:560:6:max7456BuffersSynced	16	static
../src/main/drivers/max7456.c:570:6:max7456ReInitIfRequired	32	static
../src/main/drivers/max7456.c:629:6:max7456DrawScreen	40	static
../src/main/drivers/max7456.c:736:6:max7456RefreshAll	8	static
../src/main/drivers/max7456.c:742:6:max7456WriteNvm	24	static
../src/main/drivers/max7456.c:780:6:max7456HardwareReset	8	static
../src/main/drivers/max7456.c:800:6:max7456IsDeviceDetected	4	static
../src/main/drivers/max7456.c:805:6:max7456SetBackgroundType	16	static
