../src/main/drivers/motor.c:50:6:motorConfig_Init	16	static
../src/main/drivers/motor.c:102:6:motorShutdown	8	static
../src/main/drivers/motor.c:111:6:motorWriteAll	24	static
../src/main/drivers/motor.c:128:10:motorDeviceCount	4	static
../src/main/drivers/motor.c:133:15:motorGetVTable	24	static
../src/main/drivers/motor.c:139:13:analogInitEndpoints	40	static
../src/main/drivers/motor.c:154:6:checkMotorProtocolEnabled	24	static
../src/main/drivers/motor.c:191:13:checkMotorProtocol	16	static
../src/main/drivers/motor.c:197:6:motorInitEndpoints	40	static
../src/main/drivers/motor.c:213:7:motorConvertFromExternal	16	static
../src/main/drivers/motor.c:218:10:motorConvertToExternal	16	static
../src/main/drivers/motor.c:223:6:motorPostInit	8	static
../src/main/drivers/motor.c:228:6:motorPostInitNull	4	static
../src/main/drivers/motor.c:232:13:motorEnableNull	4	static
../src/main/drivers/motor.c:237:13:motorDisableNull	4	static
../src/main/drivers/motor.c:241:13:motorIsEnabledNull	16	static
../src/main/drivers/motor.c:248:6:motorUpdateStartNull	4	static
../src/main/drivers/motor.c:253:6:motorWriteNull	16	static
../src/main/drivers/motor.c:259:13:motorWriteIntNull	16	static
../src/main/drivers/motor.c:265:6:motorUpdateCompleteNull	4	static
../src/main/drivers/motor.c:269:13:motorShutdownNull	4	static
../src/main/drivers/motor.c:273:14:motorConvertFromExternalNull	16	static
../src/main/drivers/motor.c:279:17:motorConvertToExternalNull	16	static
../src/main/drivers/motor.c:304:6:isMotorProtocolEnabled	4	static
../src/main/drivers/motor.c:309:6:isMotorProtocolDshot	4	static
../src/main/drivers/motor.c:314:6:motorDevInit	32	static
../src/main/drivers/motor.c:348:6:motorDisable	8	static
../src/main/drivers/motor.c:355:6:motorEnable	16	static
../src/main/drivers/motor.c:363:6:motorIsEnabled	4	static
../src/main/drivers/motor.c:368:6:motorIsMotorEnabled	16	static
../src/main/drivers/motor.c:393:7:getDigitalIdleOffset	16	static
