../src/main/drivers/pwm_output.c:39:6:pwmOutConfig	40	static
../src/main/drivers/pwm_output.c:53:13:pwmWriteUnused	16	static
../src/main/drivers/pwm_output.c:59:13:pwmWriteStandard	16	static
../src/main/drivers/pwm_output.c:65:6:pwmShutdownPulsesForAllMotors	16	static
../src/main/drivers/pwm_output.c:75:6:pwmDisableMotors	8	static
../src/main/drivers/pwm_output.c:81:6:pwmEnableMotors	4	static
../src/main/drivers/pwm_output.c:87:6:pwmIsMotorEnabled	16	static
../src/main/drivers/pwm_output.c:92:13:pwmCompleteOneshotMotorUpdate	16	static
../src/main/drivers/pwm_output.c:104:14:pwmConvertFromExternal	16	static
../src/main/drivers/pwm_output.c:109:17:pwmConvertToExternal	16	static
../src/main/drivers/pwm_output.c:124:16:motorPwmDevInit	72	static
../src/main/drivers/pwm_output.c:213:18:pwmGetMotors	4	static
