../src/main/drivers/barometer/barometer_dps310.c:99:16:registerRead	32	static
../src/main/drivers/barometer/barometer_dps310.c:106:13:registerWrite	24	static
../src/main/drivers/barometer/barometer_dps310.c:111:13:registerSetBits	24	static
../src/main/drivers/barometer/barometer_dps310.c:121:16:getTwosComplement	16	static
../src/main/drivers/barometer/barometer_dps310.c:131:13:deviceConfigure	48	static
../src/main/drivers/barometer/barometer_dps310.c:212:13:dps310ReadUP	24	static
../src/main/drivers/barometer/barometer_dps310.c:227:13:dps310GetUP	72	static
../src/main/drivers/barometer/barometer_dps310.c:266:13:deviceCalculate	16	static
../src/main/drivers/barometer/barometer_dps310.c:280:13:deviceDetect	32	static
../src/main/drivers/barometer/barometer_dps310.c:297:13:dps310StartUT	16	static
../src/main/drivers/barometer/barometer_dps310.c:302:13:dps310ReadUT	16	static
../src/main/drivers/barometer/barometer_dps310.c:309:13:dps310GetUT	16	static
../src/main/drivers/barometer/barometer_dps310.c:316:13:dps310StartUP	16	static
../src/main/drivers/barometer/barometer_dps310.c:321:6:dps310Detect	16	static
